// Jest Snapshot v1, https://goo.gl/fbAQLP

exports[`renders 1`] = `
<DocumentFragment>
  <div
    style="text-align: center;"
  >
    <h2>
      Thank you, your orders have been placed.
    </h2>
    <a
      href="/"
    >
      Shopping Cart
    </a>
  </div>
</DocumentFragment>
`;
